::ffff:192.168.2.57 - - [24/Sep/2020:08:04:58 +0000] "GET /user/get?userId=1 HTTP/1.1" 304 - "http://192.168.2.57:6006/" "Mozilla/5.0 (Windows NT 10.0; Win64; x64) AppleWebKit/537.36 (KHTML, like Gecko) Chrome/78.0.3904.108 Safari/537.36"
::ffff:192.168.2.57 - - [24/Sep/2020:08:04:58 +0000] "GET /daily/list?pageIndex=1&pageSize=10 HTTP/1.1" 304 - "http://192.168.2.57:6006/" "Mozilla/5.0 (Windows NT 10.0; Win64; x64) AppleWebKit/537.36 (KHTML, like Gecko) Chrome/78.0.3904.108 Safari/537.36"
::ffff:192.168.2.57 - - [24/Sep/2020:08:05:01 +0000] "GET /user/get?userId=1 HTTP/1.1" 304 - "http://192.168.2.57:6006/" "Mozilla/5.0 (Windows NT 10.0; Win64; x64) AppleWebKit/537.36 (KHTML, like Gecko) Chrome/78.0.3904.108 Safari/537.36"
::ffff:192.168.2.57 - - [24/Sep/2020:08:05:01 +0000] "GET /daily/list?pageIndex=1&pageSize=10 HTTP/1.1" 304 - "http://192.168.2.57:6006/" "Mozilla/5.0 (Windows NT 10.0; Win64; x64) AppleWebKit/537.36 (KHTML, like Gecko) Chrome/78.0.3904.108 Safari/537.36"
::ffff:192.168.2.57 - - [24/Sep/2020:08:05:12 +0000] "OPTIONS /user/get?userId=1 HTTP/1.1" 200 2 "http://192.168.2.57:6006/" "Mozilla/5.0 (Windows NT 10.0; Win64; x64) AppleWebKit/537.36 (KHTML, like Gecko) Chrome/78.0.3904.108 Safari/537.36"
::ffff:192.168.2.57 - - [24/Sep/2020:08:05:12 +0000] "OPTIONS /daily/list?pageIndex=1&pageSize=10 HTTP/1.1" 200 2 "http://192.168.2.57:6006/" "Mozilla/5.0 (Windows NT 10.0; Win64; x64) AppleWebKit/537.36 (KHTML, like Gecko) Chrome/78.0.3904.108 Safari/537.36"
::ffff:192.168.2.57 - - [24/Sep/2020:08:05:12 +0000] "GET /user/get?userId=1 HTTP/1.1" 304 - "http://192.168.2.57:6006/" "Mozilla/5.0 (Windows NT 10.0; Win64; x64) AppleWebKit/537.36 (KHTML, like Gecko) Chrome/78.0.3904.108 Safari/537.36"
::ffff:192.168.2.57 - - [24/Sep/2020:08:05:12 +0000] "GET /daily/list?pageIndex=1&pageSize=10 HTTP/1.1" 304 - "http://192.168.2.57:6006/" "Mozilla/5.0 (Windows NT 10.0; Win64; x64) AppleWebKit/537.36 (KHTML, like Gecko) Chrome/78.0.3904.108 Safari/537.36"
::ffff:192.168.2.57 - - [24/Sep/2020:08:05:13 +0000] "GET /user/get?userId=1 HTTP/1.1" 304 - "http://192.168.2.57:6006/" "Mozilla/5.0 (Windows NT 10.0; Win64; x64) AppleWebKit/537.36 (KHTML, like Gecko) Chrome/78.0.3904.108 Safari/537.36"
::ffff:192.168.2.57 - - [24/Sep/2020:08:05:13 +0000] "GET /daily/list?pageIndex=1&pageSize=10 HTTP/1.1" 304 - "http://192.168.2.57:6006/" "Mozilla/5.0 (Windows NT 10.0; Win64; x64) AppleWebKit/537.36 (KHTML, like Gecko) Chrome/78.0.3904.108 Safari/537.36"
::ffff:192.168.2.57 - - [24/Sep/2020:08:07:56 +0000] "OPTIONS /user/get?userId=1 HTTP/1.1" 200 2 "http://192.168.2.57:6006/" "Mozilla/5.0 (iPhone; CPU iPhone OS 11_0 like Mac OS X) AppleWebKit/604.1.38 (KHTML, like Gecko) Version/11.0 Mobile/15A372 Safari/604.1"
::ffff:192.168.2.57 - - [24/Sep/2020:08:07:56 +0000] "OPTIONS /daily/list?pageIndex=1&pageSize=10 HTTP/1.1" 200 2 "http://192.168.2.57:6006/" "Mozilla/5.0 (iPhone; CPU iPhone OS 11_0 like Mac OS X) AppleWebKit/604.1.38 (KHTML, like Gecko) Version/11.0 Mobile/15A372 Safari/604.1"
::ffff:192.168.2.57 - - [24/Sep/2020:08:07:56 +0000] "GET /user/get?userId=1 HTTP/1.1" 200 160 "http://192.168.2.57:6006/" "Mozilla/5.0 (iPhone; CPU iPhone OS 11_0 like Mac OS X) AppleWebKit/604.1.38 (KHTML, like Gecko) Version/11.0 Mobile/15A372 Safari/604.1"
::ffff:192.168.2.57 - - [24/Sep/2020:08:07:56 +0000] "GET /daily/list?pageIndex=1&pageSize=10 HTTP/1.1" 200 1541 "http://192.168.2.57:6006/" "Mozilla/5.0 (iPhone; CPU iPhone OS 11_0 like Mac OS X) AppleWebKit/604.1.38 (KHTML, like Gecko) Version/11.0 Mobile/15A372 Safari/604.1"
::ffff:192.168.2.88 - - [24/Sep/2020:08:08:50 +0000] "OPTIONS /user/get?userId=1 HTTP/1.1" 200 2 "http://192.168.2.57:6006/" "Mozilla/5.0 (iPhone; CPU iPhone OS 13_2_3 like Mac OS X) AppleWebKit/605.1.15 (KHTML, like Gecko) Mobile/15E148 MicroMessenger/7.0.15(0x17000f2d) NetType/WIFI Language/zh_CN"
::ffff:192.168.2.88 - - [24/Sep/2020:08:08:50 +0000] "OPTIONS /daily/list?pageIndex=1&pageSize=10 HTTP/1.1" 200 2 "http://192.168.2.57:6006/" "Mozilla/5.0 (iPhone; CPU iPhone OS 13_2_3 like Mac OS X) AppleWebKit/605.1.15 (KHTML, like Gecko) Mobile/15E148 MicroMessenger/7.0.15(0x17000f2d) NetType/WIFI Language/zh_CN"
::ffff:192.168.2.88 - - [24/Sep/2020:08:08:50 +0000] "GET /user/get?userId=1 HTTP/1.1" 200 40 "http://192.168.2.57:6006/" "Mozilla/5.0 (iPhone; CPU iPhone OS 13_2_3 like Mac OS X) AppleWebKit/605.1.15 (KHTML, like Gecko) Mobile/15E148 MicroMessenger/7.0.15(0x17000f2d) NetType/WIFI Language/zh_CN"
::ffff:192.168.2.88 - - [24/Sep/2020:08:08:50 +0000] "GET /daily/list?pageIndex=1&pageSize=10 HTTP/1.1" 200 40 "http://192.168.2.57:6006/" "Mozilla/5.0 (iPhone; CPU iPhone OS 13_2_3 like Mac OS X) AppleWebKit/605.1.15 (KHTML, like Gecko) Mobile/15E148 MicroMessenger/7.0.15(0x17000f2d) NetType/WIFI Language/zh_CN"
::ffff:192.168.2.88 - - [24/Sep/2020:08:08:54 +0000] "GET /user/get?userId=1 HTTP/1.1" 304 - "http://192.168.2.57:6006/" "Mozilla/5.0 (iPhone; CPU iPhone OS 13_2_3 like Mac OS X) AppleWebKit/605.1.15 (KHTML, like Gecko) Mobile/15E148 MicroMessenger/7.0.15(0x17000f2d) NetType/WIFI Language/zh_CN"
::ffff:192.168.2.88 - - [24/Sep/2020:08:08:54 +0000] "GET /daily/list?pageIndex=1&pageSize=10 HTTP/1.1" 304 - "http://192.168.2.57:6006/" "Mozilla/5.0 (iPhone; CPU iPhone OS 13_2_3 like Mac OS X) AppleWebKit/605.1.15 (KHTML, like Gecko) Mobile/15E148 MicroMessenger/7.0.15(0x17000f2d) NetType/WIFI Language/zh_CN"
::ffff:192.168.2.88 - - [24/Sep/2020:08:08:56 +0000] "OPTIONS /user/get?userId=1 HTTP/1.1" 200 2 "http://192.168.2.57:6006/" "Mozilla/5.0 (iPhone; CPU iPhone OS 13_2_3 like Mac OS X) AppleWebKit/605.1.15 (KHTML, like Gecko) Mobile/15E148 MicroMessenger/7.0.15(0x17000f2d) NetType/WIFI Language/zh_CN"
::ffff:192.168.2.88 - - [24/Sep/2020:08:08:56 +0000] "OPTIONS /daily/list?pageIndex=1&pageSize=10 HTTP/1.1" 200 2 "http://192.168.2.57:6006/" "Mozilla/5.0 (iPhone; CPU iPhone OS 13_2_3 like Mac OS X) AppleWebKit/605.1.15 (KHTML, like Gecko) Mobile/15E148 MicroMessenger/7.0.15(0x17000f2d) NetType/WIFI Language/zh_CN"
::ffff:192.168.2.88 - - [24/Sep/2020:08:08:56 +0000] "GET /daily/list?pageIndex=1&pageSize=10 HTTP/1.1" 304 - "http://192.168.2.57:6006/" "Mozilla/5.0 (iPhone; CPU iPhone OS 13_2_3 like Mac OS X) AppleWebKit/605.1.15 (KHTML, like Gecko) Mobile/15E148 MicroMessenger/7.0.15(0x17000f2d) NetType/WIFI Language/zh_CN"
::ffff:192.168.2.88 - - [24/Sep/2020:08:08:56 +0000] "GET /user/get?userId=1 HTTP/1.1" 304 - "http://192.168.2.57:6006/" "Mozilla/5.0 (iPhone; CPU iPhone OS 13_2_3 like Mac OS X) AppleWebKit/605.1.15 (KHTML, like Gecko) Mobile/15E148 MicroMessenger/7.0.15(0x17000f2d) NetType/WIFI Language/zh_CN"
::ffff:192.168.2.88 - - [24/Sep/2020:08:09:07 +0000] "OPTIONS /login HTTP/1.1" 200 2 "http://192.168.2.57:6006/login" "Mozilla/5.0 (iPhone; CPU iPhone OS 13_2_3 like Mac OS X) AppleWebKit/605.1.15 (KHTML, like Gecko) Mobile/15E148 MicroMessenger/7.0.15(0x17000f2d) NetType/WIFI Language/zh_CN"
::ffff:192.168.2.88 - - [24/Sep/2020:08:09:07 +0000] "POST /login HTTP/1.1" 200 203 "http://192.168.2.57:6006/login" "Mozilla/5.0 (iPhone; CPU iPhone OS 13_2_3 like Mac OS X) AppleWebKit/605.1.15 (KHTML, like Gecko) Mobile/15E148 MicroMessenger/7.0.15(0x17000f2d) NetType/WIFI Language/zh_CN"
::ffff:192.168.2.88 - - [24/Sep/2020:08:09:07 +0000] "OPTIONS /daily/list?pageIndex=1&pageSize=10 HTTP/1.1" 200 2 "http://192.168.2.57:6006/" "Mozilla/5.0 (iPhone; CPU iPhone OS 13_2_3 like Mac OS X) AppleWebKit/605.1.15 (KHTML, like Gecko) Mobile/15E148 MicroMessenger/7.0.15(0x17000f2d) NetType/WIFI Language/zh_CN"
::ffff:192.168.2.88 - - [24/Sep/2020:08:09:07 +0000] "OPTIONS /user/get?userId=1 HTTP/1.1" 200 2 "http://192.168.2.57:6006/" "Mozilla/5.0 (iPhone; CPU iPhone OS 13_2_3 like Mac OS X) AppleWebKit/605.1.15 (KHTML, like Gecko) Mobile/15E148 MicroMessenger/7.0.15(0x17000f2d) NetType/WIFI Language/zh_CN"
::ffff:192.168.2.88 - - [24/Sep/2020:08:09:07 +0000] "GET /daily/list?pageIndex=1&pageSize=10 HTTP/1.1" 200 1541 "http://192.168.2.57:6006/" "Mozilla/5.0 (iPhone; CPU iPhone OS 13_2_3 like Mac OS X) AppleWebKit/605.1.15 (KHTML, like Gecko) Mobile/15E148 MicroMessenger/7.0.15(0x17000f2d) NetType/WIFI Language/zh_CN"
::ffff:192.168.2.88 - - [24/Sep/2020:08:09:07 +0000] "GET /user/get?userId=1 HTTP/1.1" 200 160 "http://192.168.2.57:6006/" "Mozilla/5.0 (iPhone; CPU iPhone OS 13_2_3 like Mac OS X) AppleWebKit/605.1.15 (KHTML, like Gecko) Mobile/15E148 MicroMessenger/7.0.15(0x17000f2d) NetType/WIFI Language/zh_CN"
::ffff:192.168.2.88 - - [24/Sep/2020:08:09:51 +0000] "OPTIONS /file/upload HTTP/1.1" 200 2 "http://192.168.2.57:6006/" "Mozilla/5.0 (iPhone; CPU iPhone OS 13_2_3 like Mac OS X) AppleWebKit/605.1.15 (KHTML, like Gecko) Mobile/15E148 MicroMessenger/7.0.15(0x17000f2d) NetType/WIFI Language/zh_CN"
::ffff:192.168.2.88 - - [24/Sep/2020:08:09:55 +0000] "POST /file/upload HTTP/1.1" 200 98 "http://192.168.2.57:6006/" "Mozilla/5.0 (iPhone; CPU iPhone OS 13_2_3 like Mac OS X) AppleWebKit/605.1.15 (KHTML, like Gecko) Mobile/15E148 MicroMessenger/7.0.15(0x17000f2d) NetType/WIFI Language/zh_CN"
::ffff:192.168.2.88 - - [24/Sep/2020:08:10:04 +0000] "POST /file/upload HTTP/1.1" - - "http://192.168.2.57:6006/" "Mozilla/5.0 (iPhone; CPU iPhone OS 13_2_3 like Mac OS X) AppleWebKit/605.1.15 (KHTML, like Gecko) Mobile/15E148 MicroMessenger/7.0.15(0x17000f2d) NetType/WIFI Language/zh_CN"
::ffff:192.168.2.57 - - [24/Sep/2020:08:15:11 +0000] "OPTIONS /user/get?userId=1 HTTP/1.1" 200 2 "http://192.168.2.57:6006/" "Mozilla/5.0 (iPhone; CPU iPhone OS 11_0 like Mac OS X) AppleWebKit/604.1.38 (KHTML, like Gecko) Version/11.0 Mobile/15A372 Safari/604.1"
::ffff:192.168.2.57 - - [24/Sep/2020:08:15:11 +0000] "OPTIONS /daily/list?pageIndex=1&pageSize=10 HTTP/1.1" 200 2 "http://192.168.2.57:6006/" "Mozilla/5.0 (iPhone; CPU iPhone OS 11_0 like Mac OS X) AppleWebKit/604.1.38 (KHTML, like Gecko) Version/11.0 Mobile/15A372 Safari/604.1"
::ffff:192.168.2.57 - - [24/Sep/2020:08:15:11 +0000] "GET /user/get?userId=1 HTTP/1.1" 200 160 "http://192.168.2.57:6006/" "Mozilla/5.0 (iPhone; CPU iPhone OS 11_0 like Mac OS X) AppleWebKit/604.1.38 (KHTML, like Gecko) Version/11.0 Mobile/15A372 Safari/604.1"
::ffff:192.168.2.57 - - [24/Sep/2020:08:15:11 +0000] "GET /daily/list?pageIndex=1&pageSize=10 HTTP/1.1" 200 1541 "http://192.168.2.57:6006/" "Mozilla/5.0 (iPhone; CPU iPhone OS 11_0 like Mac OS X) AppleWebKit/604.1.38 (KHTML, like Gecko) Version/11.0 Mobile/15A372 Safari/604.1"
::ffff:192.168.2.57 - - [24/Sep/2020:08:15:15 +0000] "OPTIONS /user/get?userId=1 HTTP/1.1" 200 2 "http://192.168.2.57:6006/" "Mozilla/5.0 (iPhone; CPU iPhone OS 11_0 like Mac OS X) AppleWebKit/604.1.38 (KHTML, like Gecko) Version/11.0 Mobile/15A372 Safari/604.1"
::ffff:192.168.2.57 - - [24/Sep/2020:08:15:15 +0000] "OPTIONS /daily/list?pageIndex=1&pageSize=10 HTTP/1.1" 200 2 "http://192.168.2.57:6006/" "Mozilla/5.0 (iPhone; CPU iPhone OS 11_0 like Mac OS X) AppleWebKit/604.1.38 (KHTML, like Gecko) Version/11.0 Mobile/15A372 Safari/604.1"
::ffff:192.168.2.57 - - [24/Sep/2020:08:15:15 +0000] "GET /user/get?userId=1 HTTP/1.1" 200 160 "http://192.168.2.57:6006/" "Mozilla/5.0 (iPhone; CPU iPhone OS 11_0 like Mac OS X) AppleWebKit/604.1.38 (KHTML, like Gecko) Version/11.0 Mobile/15A372 Safari/604.1"
::ffff:192.168.2.57 - - [24/Sep/2020:08:15:15 +0000] "GET /daily/list?pageIndex=1&pageSize=10 HTTP/1.1" 200 1541 "http://192.168.2.57:6006/" "Mozilla/5.0 (iPhone; CPU iPhone OS 11_0 like Mac OS X) AppleWebKit/604.1.38 (KHTML, like Gecko) Version/11.0 Mobile/15A372 Safari/604.1"
::ffff:192.168.2.57 - - [24/Sep/2020:08:15:18 +0000] "OPTIONS /user/get?userId=1 HTTP/1.1" 200 2 "http://192.168.2.57:6006/" "Mozilla/5.0 (iPhone; CPU iPhone OS 11_0 like Mac OS X) AppleWebKit/604.1.38 (KHTML, like Gecko) Version/11.0 Mobile/15A372 Safari/604.1"
::ffff:192.168.2.57 - - [24/Sep/2020:08:15:18 +0000] "OPTIONS /daily/list?pageIndex=1&pageSize=10 HTTP/1.1" 200 2 "http://192.168.2.57:6006/" "Mozilla/5.0 (iPhone; CPU iPhone OS 11_0 like Mac OS X) AppleWebKit/604.1.38 (KHTML, like Gecko) Version/11.0 Mobile/15A372 Safari/604.1"
::ffff:192.168.2.57 - - [24/Sep/2020:08:15:18 +0000] "GET /user/get?userId=1 HTTP/1.1" 200 160 "http://192.168.2.57:6006/" "Mozilla/5.0 (iPhone; CPU iPhone OS 11_0 like Mac OS X) AppleWebKit/604.1.38 (KHTML, like Gecko) Version/11.0 Mobile/15A372 Safari/604.1"
::ffff:192.168.2.57 - - [24/Sep/2020:08:15:18 +0000] "GET /daily/list?pageIndex=1&pageSize=10 HTTP/1.1" 200 1541 "http://192.168.2.57:6006/" "Mozilla/5.0 (iPhone; CPU iPhone OS 11_0 like Mac OS X) AppleWebKit/604.1.38 (KHTML, like Gecko) Version/11.0 Mobile/15A372 Safari/604.1"
::ffff:192.168.2.57 - - [24/Sep/2020:08:15:29 +0000] "OPTIONS /user/get?userId=1 HTTP/1.1" 200 2 "http://192.168.2.57:6006/" "Mozilla/5.0 (iPhone; CPU iPhone OS 11_0 like Mac OS X) AppleWebKit/604.1.38 (KHTML, like Gecko) Version/11.0 Mobile/15A372 Safari/604.1"
::ffff:192.168.2.57 - - [24/Sep/2020:08:15:29 +0000] "OPTIONS /daily/list?pageIndex=1&pageSize=10 HTTP/1.1" 200 2 "http://192.168.2.57:6006/" "Mozilla/5.0 (iPhone; CPU iPhone OS 11_0 like Mac OS X) AppleWebKit/604.1.38 (KHTML, like Gecko) Version/11.0 Mobile/15A372 Safari/604.1"
::ffff:192.168.2.57 - - [24/Sep/2020:08:15:29 +0000] "GET /user/get?userId=1 HTTP/1.1" 200 160 "http://192.168.2.57:6006/" "Mozilla/5.0 (iPhone; CPU iPhone OS 11_0 like Mac OS X) AppleWebKit/604.1.38 (KHTML, like Gecko) Version/11.0 Mobile/15A372 Safari/604.1"
::ffff:192.168.2.57 - - [24/Sep/2020:08:15:29 +0000] "GET /daily/list?pageIndex=1&pageSize=10 HTTP/1.1" 200 1541 "http://192.168.2.57:6006/" "Mozilla/5.0 (iPhone; CPU iPhone OS 11_0 like Mac OS X) AppleWebKit/604.1.38 (KHTML, like Gecko) Version/11.0 Mobile/15A372 Safari/604.1"
::ffff:192.168.2.57 - - [24/Sep/2020:08:15:37 +0000] "OPTIONS /file/upload HTTP/1.1" 200 2 "http://192.168.2.57:6006/" "Mozilla/5.0 (iPhone; CPU iPhone OS 11_0 like Mac OS X) AppleWebKit/604.1.38 (KHTML, like Gecko) Version/11.0 Mobile/15A372 Safari/604.1"
::ffff:192.168.2.57 - - [24/Sep/2020:08:15:37 +0000] "POST /file/upload HTTP/1.1" 200 98 "http://192.168.2.57:6006/" "Mozilla/5.0 (iPhone; CPU iPhone OS 11_0 like Mac OS X) AppleWebKit/604.1.38 (KHTML, like Gecko) Version/11.0 Mobile/15A372 Safari/604.1"
::ffff:192.168.2.57 - - [24/Sep/2020:08:15:37 +0000] "OPTIONS /file/upload HTTP/1.1" 200 2 "http://192.168.2.57:6006/" "Mozilla/5.0 (iPhone; CPU iPhone OS 11_0 like Mac OS X) AppleWebKit/604.1.38 (KHTML, like Gecko) Version/11.0 Mobile/15A372 Safari/604.1"
::ffff:192.168.2.57 - - [24/Sep/2020:08:15:37 +0000] "POST /file/upload HTTP/1.1" 200 99 "http://192.168.2.57:6006/" "Mozilla/5.0 (iPhone; CPU iPhone OS 11_0 like Mac OS X) AppleWebKit/604.1.38 (KHTML, like Gecko) Version/11.0 Mobile/15A372 Safari/604.1"
::ffff:192.168.2.88 - - [24/Sep/2020:08:15:45 +0000] "OPTIONS /user/get?userId=1 HTTP/1.1" 200 2 "http://192.168.2.57:6006/" "Mozilla/5.0 (iPhone; CPU iPhone OS 13_2_3 like Mac OS X) AppleWebKit/605.1.15 (KHTML, like Gecko) Mobile/15E148 MicroMessenger/7.0.15(0x17000f2d) NetType/WIFI Language/zh_CN"
::ffff:192.168.2.88 - - [24/Sep/2020:08:15:45 +0000] "OPTIONS /daily/list?pageIndex=1&pageSize=10 HTTP/1.1" 200 2 "http://192.168.2.57:6006/" "Mozilla/5.0 (iPhone; CPU iPhone OS 13_2_3 like Mac OS X) AppleWebKit/605.1.15 (KHTML, like Gecko) Mobile/15E148 MicroMessenger/7.0.15(0x17000f2d) NetType/WIFI Language/zh_CN"
::ffff:192.168.2.88 - - [24/Sep/2020:08:15:45 +0000] "GET /user/get?userId=1 HTTP/1.1" 200 160 "http://192.168.2.57:6006/" "Mozilla/5.0 (iPhone; CPU iPhone OS 13_2_3 like Mac OS X) AppleWebKit/605.1.15 (KHTML, like Gecko) Mobile/15E148 MicroMessenger/7.0.15(0x17000f2d) NetType/WIFI Language/zh_CN"
::ffff:192.168.2.88 - - [24/Sep/2020:08:15:45 +0000] "GET /daily/list?pageIndex=1&pageSize=10 HTTP/1.1" 200 1541 "http://192.168.2.57:6006/" "Mozilla/5.0 (iPhone; CPU iPhone OS 13_2_3 like Mac OS X) AppleWebKit/605.1.15 (KHTML, like Gecko) Mobile/15E148 MicroMessenger/7.0.15(0x17000f2d) NetType/WIFI Language/zh_CN"
::ffff:192.168.2.88 - - [24/Sep/2020:08:15:48 +0000] "GET /user/get?userId=1 HTTP/1.1" 200 160 "http://192.168.2.57:6006/" "Mozilla/5.0 (iPhone; CPU iPhone OS 13_2_3 like Mac OS X) AppleWebKit/605.1.15 (KHTML, like Gecko) Mobile/15E148 MicroMessenger/7.0.15(0x17000f2d) NetType/WIFI Language/zh_CN"
::ffff:192.168.2.88 - - [24/Sep/2020:08:15:48 +0000] "GET /daily/list?pageIndex=1&pageSize=10 HTTP/1.1" 200 1541 "http://192.168.2.57:6006/" "Mozilla/5.0 (iPhone; CPU iPhone OS 13_2_3 like Mac OS X) AppleWebKit/605.1.15 (KHTML, like Gecko) Mobile/15E148 MicroMessenger/7.0.15(0x17000f2d) NetType/WIFI Language/zh_CN"
::ffff:192.168.2.88 - - [24/Sep/2020:08:15:57 +0000] "OPTIONS /file/upload HTTP/1.1" 200 2 "http://192.168.2.57:6006/" "Mozilla/5.0 (iPhone; CPU iPhone OS 13_2_3 like Mac OS X) AppleWebKit/605.1.15 (KHTML, like Gecko) Mobile/15E148 MicroMessenger/7.0.15(0x17000f2d) NetType/WIFI Language/zh_CN"
::ffff:192.168.2.88 - - [24/Sep/2020:08:15:57 +0000] "POST /file/upload HTTP/1.1" 200 99 "http://192.168.2.57:6006/" "Mozilla/5.0 (iPhone; CPU iPhone OS 13_2_3 like Mac OS X) AppleWebKit/605.1.15 (KHTML, like Gecko) Mobile/15E148 MicroMessenger/7.0.15(0x17000f2d) NetType/WIFI Language/zh_CN"
::ffff:192.168.2.88 - - [24/Sep/2020:08:15:57 +0000] "POST /file/upload HTTP/1.1" 200 99 "http://192.168.2.57:6006/" "Mozilla/5.0 (iPhone; CPU iPhone OS 13_2_3 like Mac OS X) AppleWebKit/605.1.15 (KHTML, like Gecko) Mobile/15E148 MicroMessenger/7.0.15(0x17000f2d) NetType/WIFI Language/zh_CN"
::ffff:192.168.2.88 - - [24/Sep/2020:08:16:02 +0000] "OPTIONS /daily/add HTTP/1.1" 200 2 "http://192.168.2.57:6006/" "Mozilla/5.0 (iPhone; CPU iPhone OS 13_2_3 like Mac OS X) AppleWebKit/605.1.15 (KHTML, like Gecko) Mobile/15E148 MicroMessenger/7.0.15(0x17000f2d) NetType/WIFI Language/zh_CN"
::ffff:192.168.2.88 - - [24/Sep/2020:08:16:02 +0000] "POST /daily/add HTTP/1.1" 200 22 "http://192.168.2.57:6006/" "Mozilla/5.0 (iPhone; CPU iPhone OS 13_2_3 like Mac OS X) AppleWebKit/605.1.15 (KHTML, like Gecko) Mobile/15E148 MicroMessenger/7.0.15(0x17000f2d) NetType/WIFI Language/zh_CN"
::ffff:192.168.2.88 - - [24/Sep/2020:08:16:06 +0000] "OPTIONS /user/get?userId=1 HTTP/1.1" 200 2 "http://192.168.2.57:6006/" "Mozilla/5.0 (iPhone; CPU iPhone OS 13_2_3 like Mac OS X) AppleWebKit/605.1.15 (KHTML, like Gecko) Mobile/15E148 MicroMessenger/7.0.15(0x17000f2d) NetType/WIFI Language/zh_CN"
::ffff:192.168.2.88 - - [24/Sep/2020:08:16:06 +0000] "GET /user/get?userId=1 HTTP/1.1" 200 160 "http://192.168.2.57:6006/" "Mozilla/5.0 (iPhone; CPU iPhone OS 13_2_3 like Mac OS X) AppleWebKit/605.1.15 (KHTML, like Gecko) Mobile/15E148 MicroMessenger/7.0.15(0x17000f2d) NetType/WIFI Language/zh_CN"
::ffff:192.168.2.88 - - [24/Sep/2020:08:16:06 +0000] "OPTIONS /daily/list?pageIndex=1&pageSize=10 HTTP/1.1" 200 2 "http://192.168.2.57:6006/" "Mozilla/5.0 (iPhone; CPU iPhone OS 13_2_3 like Mac OS X) AppleWebKit/605.1.15 (KHTML, like Gecko) Mobile/15E148 MicroMessenger/7.0.15(0x17000f2d) NetType/WIFI Language/zh_CN"
::ffff:192.168.2.88 - - [24/Sep/2020:08:16:06 +0000] "GET /daily/list?pageIndex=1&pageSize=10 HTTP/1.1" 200 1787 "http://192.168.2.57:6006/" "Mozilla/5.0 (iPhone; CPU iPhone OS 13_2_3 like Mac OS X) AppleWebKit/605.1.15 (KHTML, like Gecko) Mobile/15E148 MicroMessenger/7.0.15(0x17000f2d) NetType/WIFI Language/zh_CN"
::ffff:192.168.2.57 - - [24/Sep/2020:08:17:37 +0000] "OPTIONS /user/get?userId=1 HTTP/1.1" 200 2 "http://192.168.2.57:6006/" "Mozilla/5.0 (iPhone; CPU iPhone OS 11_0 like Mac OS X) AppleWebKit/604.1.38 (KHTML, like Gecko) Version/11.0 Mobile/15A372 Safari/604.1"
::ffff:192.168.2.57 - - [24/Sep/2020:08:17:37 +0000] "OPTIONS /daily/list?pageIndex=1&pageSize=10 HTTP/1.1" 200 2 "http://192.168.2.57:6006/" "Mozilla/5.0 (iPhone; CPU iPhone OS 11_0 like Mac OS X) AppleWebKit/604.1.38 (KHTML, like Gecko) Version/11.0 Mobile/15A372 Safari/604.1"
::ffff:192.168.2.57 - - [24/Sep/2020:08:17:37 +0000] "GET /user/get?userId=1 HTTP/1.1" 200 160 "http://192.168.2.57:6006/" "Mozilla/5.0 (iPhone; CPU iPhone OS 11_0 like Mac OS X) AppleWebKit/604.1.38 (KHTML, like Gecko) Version/11.0 Mobile/15A372 Safari/604.1"
::ffff:192.168.2.57 - - [24/Sep/2020:08:17:37 +0000] "GET /daily/list?pageIndex=1&pageSize=10 HTTP/1.1" 200 1787 "http://192.168.2.57:6006/" "Mozilla/5.0 (iPhone; CPU iPhone OS 11_0 like Mac OS X) AppleWebKit/604.1.38 (KHTML, like Gecko) Version/11.0 Mobile/15A372 Safari/604.1"
::ffff:192.168.2.57 - - [24/Sep/2020:08:17:38 +0000] "OPTIONS /user/get?userId=1 HTTP/1.1" 200 2 "http://192.168.2.57:6006/" "Mozilla/5.0 (iPhone; CPU iPhone OS 11_0 like Mac OS X) AppleWebKit/604.1.38 (KHTML, like Gecko) Version/11.0 Mobile/15A372 Safari/604.1"
::ffff:192.168.2.57 - - [24/Sep/2020:08:17:38 +0000] "OPTIONS /daily/list?pageIndex=1&pageSize=10 HTTP/1.1" 200 2 "http://192.168.2.57:6006/" "Mozilla/5.0 (iPhone; CPU iPhone OS 11_0 like Mac OS X) AppleWebKit/604.1.38 (KHTML, like Gecko) Version/11.0 Mobile/15A372 Safari/604.1"
::ffff:192.168.2.57 - - [24/Sep/2020:08:17:38 +0000] "GET /user/get?userId=1 HTTP/1.1" 200 160 "http://192.168.2.57:6006/" "Mozilla/5.0 (iPhone; CPU iPhone OS 11_0 like Mac OS X) AppleWebKit/604.1.38 (KHTML, like Gecko) Version/11.0 Mobile/15A372 Safari/604.1"
::ffff:192.168.2.57 - - [24/Sep/2020:08:17:38 +0000] "GET /daily/list?pageIndex=1&pageSize=10 HTTP/1.1" 200 1787 "http://192.168.2.57:6006/" "Mozilla/5.0 (iPhone; CPU iPhone OS 11_0 like Mac OS X) AppleWebKit/604.1.38 (KHTML, like Gecko) Version/11.0 Mobile/15A372 Safari/604.1"
::ffff:192.168.2.57 - - [24/Sep/2020:08:17:42 +0000] "OPTIONS /user/get?userId=1 HTTP/1.1" 200 2 "http://192.168.2.57:6006/" "Mozilla/5.0 (iPhone; CPU iPhone OS 11_0 like Mac OS X) AppleWebKit/604.1.38 (KHTML, like Gecko) Version/11.0 Mobile/15A372 Safari/604.1"
::ffff:192.168.2.57 - - [24/Sep/2020:08:17:42 +0000] "OPTIONS /daily/list?pageIndex=1&pageSize=10 HTTP/1.1" 200 2 "http://192.168.2.57:6006/" "Mozilla/5.0 (iPhone; CPU iPhone OS 11_0 like Mac OS X) AppleWebKit/604.1.38 (KHTML, like Gecko) Version/11.0 Mobile/15A372 Safari/604.1"
::ffff:192.168.2.57 - - [24/Sep/2020:08:17:42 +0000] "GET /user/get?userId=1 HTTP/1.1" 200 160 "http://192.168.2.57:6006/" "Mozilla/5.0 (iPhone; CPU iPhone OS 11_0 like Mac OS X) AppleWebKit/604.1.38 (KHTML, like Gecko) Version/11.0 Mobile/15A372 Safari/604.1"
::ffff:192.168.2.57 - - [24/Sep/2020:08:17:42 +0000] "GET /daily/list?pageIndex=1&pageSize=10 HTTP/1.1" 200 1787 "http://192.168.2.57:6006/" "Mozilla/5.0 (iPhone; CPU iPhone OS 11_0 like Mac OS X) AppleWebKit/604.1.38 (KHTML, like Gecko) Version/11.0 Mobile/15A372 Safari/604.1"
::ffff:192.168.2.57 - - [24/Sep/2020:08:17:56 +0000] "OPTIONS /user/get?userId=1 HTTP/1.1" 200 2 "http://192.168.2.57:6006/" "Mozilla/5.0 (iPhone; CPU iPhone OS 11_0 like Mac OS X) AppleWebKit/604.1.38 (KHTML, like Gecko) Version/11.0 Mobile/15A372 Safari/604.1"
::ffff:192.168.2.57 - - [24/Sep/2020:08:17:56 +0000] "OPTIONS /daily/list?pageIndex=1&pageSize=10 HTTP/1.1" 200 2 "http://192.168.2.57:6006/" "Mozilla/5.0 (iPhone; CPU iPhone OS 11_0 like Mac OS X) AppleWebKit/604.1.38 (KHTML, like Gecko) Version/11.0 Mobile/15A372 Safari/604.1"
::ffff:192.168.2.57 - - [24/Sep/2020:08:17:56 +0000] "GET /user/get?userId=1 HTTP/1.1" 200 160 "http://192.168.2.57:6006/" "Mozilla/5.0 (iPhone; CPU iPhone OS 11_0 like Mac OS X) AppleWebKit/604.1.38 (KHTML, like Gecko) Version/11.0 Mobile/15A372 Safari/604.1"
::ffff:192.168.2.57 - - [24/Sep/2020:08:17:56 +0000] "GET /daily/list?pageIndex=1&pageSize=10 HTTP/1.1" 200 1787 "http://192.168.2.57:6006/" "Mozilla/5.0 (iPhone; CPU iPhone OS 11_0 like Mac OS X) AppleWebKit/604.1.38 (KHTML, like Gecko) Version/11.0 Mobile/15A372 Safari/604.1"
::ffff:192.168.2.88 - - [24/Sep/2020:08:18:00 +0000] "OPTIONS /user/get?userId=1 HTTP/1.1" 200 2 "http://192.168.2.57:6006/" "Mozilla/5.0 (iPhone; CPU iPhone OS 13_2_3 like Mac OS X) AppleWebKit/605.1.15 (KHTML, like Gecko) Mobile/15E148 MicroMessenger/7.0.15(0x17000f2d) NetType/WIFI Language/zh_CN"
::ffff:192.168.2.88 - - [24/Sep/2020:08:18:00 +0000] "OPTIONS /daily/list?pageIndex=1&pageSize=10 HTTP/1.1" 200 2 "http://192.168.2.57:6006/" "Mozilla/5.0 (iPhone; CPU iPhone OS 13_2_3 like Mac OS X) AppleWebKit/605.1.15 (KHTML, like Gecko) Mobile/15E148 MicroMessenger/7.0.15(0x17000f2d) NetType/WIFI Language/zh_CN"
::ffff:192.168.2.88 - - [24/Sep/2020:08:18:00 +0000] "GET /user/get?userId=1 HTTP/1.1" 200 160 "http://192.168.2.57:6006/" "Mozilla/5.0 (iPhone; CPU iPhone OS 13_2_3 like Mac OS X) AppleWebKit/605.1.15 (KHTML, like Gecko) Mobile/15E148 MicroMessenger/7.0.15(0x17000f2d) NetType/WIFI Language/zh_CN"
::ffff:192.168.2.88 - - [24/Sep/2020:08:18:00 +0000] "GET /daily/list?pageIndex=1&pageSize=10 HTTP/1.1" 200 1787 "http://192.168.2.57:6006/" "Mozilla/5.0 (iPhone; CPU iPhone OS 13_2_3 like Mac OS X) AppleWebKit/605.1.15 (KHTML, like Gecko) Mobile/15E148 MicroMessenger/7.0.15(0x17000f2d) NetType/WIFI Language/zh_CN"
::ffff:192.168.2.88 - - [24/Sep/2020:08:18:08 +0000] "OPTIONS /file/upload HTTP/1.1" 200 2 "http://192.168.2.57:6006/" "Mozilla/5.0 (iPhone; CPU iPhone OS 13_2_3 like Mac OS X) AppleWebKit/605.1.15 (KHTML, like Gecko) Mobile/15E148 MicroMessenger/7.0.15(0x17000f2d) NetType/WIFI Language/zh_CN"
::ffff:192.168.2.88 - - [24/Sep/2020:08:18:09 +0000] "POST /file/upload HTTP/1.1" 200 99 "http://192.168.2.57:6006/" "Mozilla/5.0 (iPhone; CPU iPhone OS 13_2_3 like Mac OS X) AppleWebKit/605.1.15 (KHTML, like Gecko) Mobile/15E148 MicroMessenger/7.0.15(0x17000f2d) NetType/WIFI Language/zh_CN"
::ffff:192.168.2.88 - - [24/Sep/2020:08:18:41 +0000] "OPTIONS /user/get?userId=1 HTTP/1.1" 200 2 "http://192.168.2.57:6006/" "Mozilla/5.0 (iPhone; CPU iPhone OS 13_2_3 like Mac OS X) AppleWebKit/605.1.15 (KHTML, like Gecko) Mobile/15E148 MicroMessenger/7.0.15(0x17000f2d) NetType/WIFI Language/zh_CN"
::ffff:192.168.2.88 - - [24/Sep/2020:08:18:41 +0000] "OPTIONS /daily/list?pageIndex=1&pageSize=10 HTTP/1.1" 200 2 "http://192.168.2.57:6006/" "Mozilla/5.0 (iPhone; CPU iPhone OS 13_2_3 like Mac OS X) AppleWebKit/605.1.15 (KHTML, like Gecko) Mobile/15E148 MicroMessenger/7.0.15(0x17000f2d) NetType/WIFI Language/zh_CN"
::ffff:192.168.2.88 - - [24/Sep/2020:08:18:41 +0000] "GET /user/get?userId=1 HTTP/1.1" 200 160 "http://192.168.2.57:6006/" "Mozilla/5.0 (iPhone; CPU iPhone OS 13_2_3 like Mac OS X) AppleWebKit/605.1.15 (KHTML, like Gecko) Mobile/15E148 MicroMessenger/7.0.15(0x17000f2d) NetType/WIFI Language/zh_CN"
::ffff:192.168.2.88 - - [24/Sep/2020:08:18:41 +0000] "GET /daily/list?pageIndex=1&pageSize=10 HTTP/1.1" 200 1787 "http://192.168.2.57:6006/" "Mozilla/5.0 (iPhone; CPU iPhone OS 13_2_3 like Mac OS X) AppleWebKit/605.1.15 (KHTML, like Gecko) Mobile/15E148 MicroMessenger/7.0.15(0x17000f2d) NetType/WIFI Language/zh_CN"
::ffff:192.168.2.57 - - [24/Sep/2020:08:18:41 +0000] "OPTIONS /user/get?userId=1 HTTP/1.1" 200 2 "http://192.168.2.57:6006/" "Mozilla/5.0 (iPhone; CPU iPhone OS 11_0 like Mac OS X) AppleWebKit/604.1.38 (KHTML, like Gecko) Version/11.0 Mobile/15A372 Safari/604.1"
::ffff:192.168.2.57 - - [24/Sep/2020:08:18:41 +0000] "OPTIONS /daily/list?pageIndex=1&pageSize=10 HTTP/1.1" 200 2 "http://192.168.2.57:6006/" "Mozilla/5.0 (iPhone; CPU iPhone OS 11_0 like Mac OS X) AppleWebKit/604.1.38 (KHTML, like Gecko) Version/11.0 Mobile/15A372 Safari/604.1"
::ffff:192.168.2.57 - - [24/Sep/2020:08:18:41 +0000] "GET /user/get?userId=1 HTTP/1.1" 200 160 "http://192.168.2.57:6006/" "Mozilla/5.0 (iPhone; CPU iPhone OS 11_0 like Mac OS X) AppleWebKit/604.1.38 (KHTML, like Gecko) Version/11.0 Mobile/15A372 Safari/604.1"
::ffff:192.168.2.57 - - [24/Sep/2020:08:18:41 +0000] "GET /daily/list?pageIndex=1&pageSize=10 HTTP/1.1" 200 1787 "http://192.168.2.57:6006/" "Mozilla/5.0 (iPhone; CPU iPhone OS 11_0 like Mac OS X) AppleWebKit/604.1.38 (KHTML, like Gecko) Version/11.0 Mobile/15A372 Safari/604.1"
::ffff:192.168.2.88 - - [24/Sep/2020:08:19:16 +0000] "OPTIONS /user/get?userId=1 HTTP/1.1" 200 2 "http://192.168.2.57:6006/" "Mozilla/5.0 (iPhone; CPU iPhone OS 13_2_3 like Mac OS X) AppleWebKit/605.1.15 (KHTML, like Gecko) Mobile/15E148 MicroMessenger/7.0.15(0x17000f2d) NetType/WIFI Language/zh_CN"
::ffff:192.168.2.88 - - [24/Sep/2020:08:19:16 +0000] "OPTIONS /daily/list?pageIndex=1&pageSize=10 HTTP/1.1" 200 2 "http://192.168.2.57:6006/" "Mozilla/5.0 (iPhone; CPU iPhone OS 13_2_3 like Mac OS X) AppleWebKit/605.1.15 (KHTML, like Gecko) Mobile/15E148 MicroMessenger/7.0.15(0x17000f2d) NetType/WIFI Language/zh_CN"
::ffff:192.168.2.88 - - [24/Sep/2020:08:19:16 +0000] "GET /user/get?userId=1 HTTP/1.1" 304 - "http://192.168.2.57:6006/" "Mozilla/5.0 (iPhone; CPU iPhone OS 13_2_3 like Mac OS X) AppleWebKit/605.1.15 (KHTML, like Gecko) Mobile/15E148 MicroMessenger/7.0.15(0x17000f2d) NetType/WIFI Language/zh_CN"
::ffff:192.168.2.88 - - [24/Sep/2020:08:19:16 +0000] "GET /daily/list?pageIndex=1&pageSize=10 HTTP/1.1" 304 - "http://192.168.2.57:6006/" "Mozilla/5.0 (iPhone; CPU iPhone OS 13_2_3 like Mac OS X) AppleWebKit/605.1.15 (KHTML, like Gecko) Mobile/15E148 MicroMessenger/7.0.15(0x17000f2d) NetType/WIFI Language/zh_CN"
::ffff:192.168.2.57 - - [24/Sep/2020:08:19:16 +0000] "OPTIONS /user/get?userId=1 HTTP/1.1" 200 2 "http://192.168.2.57:6006/" "Mozilla/5.0 (iPhone; CPU iPhone OS 11_0 like Mac OS X) AppleWebKit/604.1.38 (KHTML, like Gecko) Version/11.0 Mobile/15A372 Safari/604.1"
::ffff:192.168.2.57 - - [24/Sep/2020:08:19:16 +0000] "OPTIONS /daily/list?pageIndex=1&pageSize=10 HTTP/1.1" 200 2 "http://192.168.2.57:6006/" "Mozilla/5.0 (iPhone; CPU iPhone OS 11_0 like Mac OS X) AppleWebKit/604.1.38 (KHTML, like Gecko) Version/11.0 Mobile/15A372 Safari/604.1"
::ffff:192.168.2.57 - - [24/Sep/2020:08:19:16 +0000] "GET /user/get?userId=1 HTTP/1.1" 200 160 "http://192.168.2.57:6006/" "Mozilla/5.0 (iPhone; CPU iPhone OS 11_0 like Mac OS X) AppleWebKit/604.1.38 (KHTML, like Gecko) Version/11.0 Mobile/15A372 Safari/604.1"
::ffff:192.168.2.57 - - [24/Sep/2020:08:19:16 +0000] "GET /daily/list?pageIndex=1&pageSize=10 HTTP/1.1" 200 1787 "http://192.168.2.57:6006/" "Mozilla/5.0 (iPhone; CPU iPhone OS 11_0 like Mac OS X) AppleWebKit/604.1.38 (KHTML, like Gecko) Version/11.0 Mobile/15A372 Safari/604.1"
::ffff:192.168.2.88 - - [24/Sep/2020:08:19:23 +0000] "OPTIONS /user/get?userId=1 HTTP/1.1" 200 2 "http://192.168.2.57:6006/" "Mozilla/5.0 (iPhone; CPU iPhone OS 13_2_3 like Mac OS X) AppleWebKit/605.1.15 (KHTML, like Gecko) Mobile/15E148 MicroMessenger/7.0.15(0x17000f2d) NetType/WIFI Language/zh_CN"
::ffff:192.168.2.88 - - [24/Sep/2020:08:19:23 +0000] "OPTIONS /daily/list?pageIndex=1&pageSize=10 HTTP/1.1" 200 2 "http://192.168.2.57:6006/" "Mozilla/5.0 (iPhone; CPU iPhone OS 13_2_3 like Mac OS X) AppleWebKit/605.1.15 (KHTML, like Gecko) Mobile/15E148 MicroMessenger/7.0.15(0x17000f2d) NetType/WIFI Language/zh_CN"
::ffff:192.168.2.88 - - [24/Sep/2020:08:19:23 +0000] "GET /user/get?userId=1 HTTP/1.1" 304 - "http://192.168.2.57:6006/" "Mozilla/5.0 (iPhone; CPU iPhone OS 13_2_3 like Mac OS X) AppleWebKit/605.1.15 (KHTML, like Gecko) Mobile/15E148 MicroMessenger/7.0.15(0x17000f2d) NetType/WIFI Language/zh_CN"
::ffff:192.168.2.88 - - [24/Sep/2020:08:19:23 +0000] "GET /daily/list?pageIndex=1&pageSize=10 HTTP/1.1" 304 - "http://192.168.2.57:6006/" "Mozilla/5.0 (iPhone; CPU iPhone OS 13_2_3 like Mac OS X) AppleWebKit/605.1.15 (KHTML, like Gecko) Mobile/15E148 MicroMessenger/7.0.15(0x17000f2d) NetType/WIFI Language/zh_CN"
::ffff:192.168.2.57 - - [24/Sep/2020:08:19:24 +0000] "OPTIONS /user/get?userId=1 HTTP/1.1" 200 2 "http://192.168.2.57:6006/" "Mozilla/5.0 (iPhone; CPU iPhone OS 11_0 like Mac OS X) AppleWebKit/604.1.38 (KHTML, like Gecko) Version/11.0 Mobile/15A372 Safari/604.1"
::ffff:192.168.2.57 - - [24/Sep/2020:08:19:24 +0000] "OPTIONS /daily/list?pageIndex=1&pageSize=10 HTTP/1.1" 200 2 "http://192.168.2.57:6006/" "Mozilla/5.0 (iPhone; CPU iPhone OS 11_0 like Mac OS X) AppleWebKit/604.1.38 (KHTML, like Gecko) Version/11.0 Mobile/15A372 Safari/604.1"
::ffff:192.168.2.57 - - [24/Sep/2020:08:19:24 +0000] "GET /user/get?userId=1 HTTP/1.1" 200 160 "http://192.168.2.57:6006/" "Mozilla/5.0 (iPhone; CPU iPhone OS 11_0 like Mac OS X) AppleWebKit/604.1.38 (KHTML, like Gecko) Version/11.0 Mobile/15A372 Safari/604.1"
::ffff:192.168.2.57 - - [24/Sep/2020:08:19:24 +0000] "GET /daily/list?pageIndex=1&pageSize=10 HTTP/1.1" 200 1787 "http://192.168.2.57:6006/" "Mozilla/5.0 (iPhone; CPU iPhone OS 11_0 like Mac OS X) AppleWebKit/604.1.38 (KHTML, like Gecko) Version/11.0 Mobile/15A372 Safari/604.1"
::ffff:192.168.2.88 - - [24/Sep/2020:08:20:24 +0000] "OPTIONS /user/get?userId=1 HTTP/1.1" 200 2 "http://192.168.2.57:6006/" "Mozilla/5.0 (iPhone; CPU iPhone OS 13_2_3 like Mac OS X) AppleWebKit/605.1.15 (KHTML, like Gecko) Mobile/15E148 MicroMessenger/7.0.15(0x17000f2d) NetType/WIFI Language/zh_CN"
::ffff:192.168.2.88 - - [24/Sep/2020:08:20:24 +0000] "OPTIONS /daily/list?pageIndex=1&pageSize=10 HTTP/1.1" 200 2 "http://192.168.2.57:6006/" "Mozilla/5.0 (iPhone; CPU iPhone OS 13_2_3 like Mac OS X) AppleWebKit/605.1.15 (KHTML, like Gecko) Mobile/15E148 MicroMessenger/7.0.15(0x17000f2d) NetType/WIFI Language/zh_CN"
::ffff:192.168.2.88 - - [24/Sep/2020:08:20:24 +0000] "GET /user/get?userId=1 HTTP/1.1" 304 - "http://192.168.2.57:6006/" "Mozilla/5.0 (iPhone; CPU iPhone OS 13_2_3 like Mac OS X) AppleWebKit/605.1.15 (KHTML, like Gecko) Mobile/15E148 MicroMessenger/7.0.15(0x17000f2d) NetType/WIFI Language/zh_CN"
::ffff:192.168.2.88 - - [24/Sep/2020:08:20:24 +0000] "GET /daily/list?pageIndex=1&pageSize=10 HTTP/1.1" 304 - "http://192.168.2.57:6006/" "Mozilla/5.0 (iPhone; CPU iPhone OS 13_2_3 like Mac OS X) AppleWebKit/605.1.15 (KHTML, like Gecko) Mobile/15E148 MicroMessenger/7.0.15(0x17000f2d) NetType/WIFI Language/zh_CN"
::ffff:192.168.2.57 - - [24/Sep/2020:08:20:25 +0000] "OPTIONS /user/get?userId=1 HTTP/1.1" 200 2 "http://192.168.2.57:6006/" "Mozilla/5.0 (iPhone; CPU iPhone OS 11_0 like Mac OS X) AppleWebKit/604.1.38 (KHTML, like Gecko) Version/11.0 Mobile/15A372 Safari/604.1"
::ffff:192.168.2.57 - - [24/Sep/2020:08:20:25 +0000] "OPTIONS /daily/list?pageIndex=1&pageSize=10 HTTP/1.1" 200 2 "http://192.168.2.57:6006/" "Mozilla/5.0 (iPhone; CPU iPhone OS 11_0 like Mac OS X) AppleWebKit/604.1.38 (KHTML, like Gecko) Version/11.0 Mobile/15A372 Safari/604.1"
::ffff:192.168.2.57 - - [24/Sep/2020:08:20:25 +0000] "GET /user/get?userId=1 HTTP/1.1" 200 160 "http://192.168.2.57:6006/" "Mozilla/5.0 (iPhone; CPU iPhone OS 11_0 like Mac OS X) AppleWebKit/604.1.38 (KHTML, like Gecko) Version/11.0 Mobile/15A372 Safari/604.1"
::ffff:192.168.2.57 - - [24/Sep/2020:08:20:25 +0000] "GET /daily/list?pageIndex=1&pageSize=10 HTTP/1.1" 200 1787 "http://192.168.2.57:6006/" "Mozilla/5.0 (iPhone; CPU iPhone OS 11_0 like Mac OS X) AppleWebKit/604.1.38 (KHTML, like Gecko) Version/11.0 Mobile/15A372 Safari/604.1"
::ffff:192.168.2.88 - - [24/Sep/2020:08:20:27 +0000] "GET /user/get?userId=1 HTTP/1.1" 304 - "http://192.168.2.57:6006/" "Mozilla/5.0 (iPhone; CPU iPhone OS 13_2_3 like Mac OS X) AppleWebKit/605.1.15 (KHTML, like Gecko) Mobile/15E148 MicroMessenger/7.0.15(0x17000f2d) NetType/WIFI Language/zh_CN"
::ffff:192.168.2.88 - - [24/Sep/2020:08:20:27 +0000] "GET /daily/list?pageIndex=1&pageSize=10 HTTP/1.1" 304 - "http://192.168.2.57:6006/" "Mozilla/5.0 (iPhone; CPU iPhone OS 13_2_3 like Mac OS X) AppleWebKit/605.1.15 (KHTML, like Gecko) Mobile/15E148 MicroMessenger/7.0.15(0x17000f2d) NetType/WIFI Language/zh_CN"
::ffff:192.168.2.57 - - [24/Sep/2020:08:20:27 +0000] "OPTIONS /user/get?userId=1 HTTP/1.1" 200 2 "http://192.168.2.57:6006/" "Mozilla/5.0 (iPhone; CPU iPhone OS 11_0 like Mac OS X) AppleWebKit/604.1.38 (KHTML, like Gecko) Version/11.0 Mobile/15A372 Safari/604.1"
::ffff:192.168.2.57 - - [24/Sep/2020:08:20:27 +0000] "OPTIONS /daily/list?pageIndex=1&pageSize=10 HTTP/1.1" 200 2 "http://192.168.2.57:6006/" "Mozilla/5.0 (iPhone; CPU iPhone OS 11_0 like Mac OS X) AppleWebKit/604.1.38 (KHTML, like Gecko) Version/11.0 Mobile/15A372 Safari/604.1"
::ffff:192.168.2.57 - - [24/Sep/2020:08:20:27 +0000] "GET /user/get?userId=1 HTTP/1.1" 200 160 "http://192.168.2.57:6006/" "Mozilla/5.0 (iPhone; CPU iPhone OS 11_0 like Mac OS X) AppleWebKit/604.1.38 (KHTML, like Gecko) Version/11.0 Mobile/15A372 Safari/604.1"
::ffff:192.168.2.57 - - [24/Sep/2020:08:20:27 +0000] "GET /daily/list?pageIndex=1&pageSize=10 HTTP/1.1" 200 1787 "http://192.168.2.57:6006/" "Mozilla/5.0 (iPhone; CPU iPhone OS 11_0 like Mac OS X) AppleWebKit/604.1.38 (KHTML, like Gecko) Version/11.0 Mobile/15A372 Safari/604.1"
::ffff:192.168.2.88 - - [24/Sep/2020:08:20:36 +0000] "OPTIONS /file/upload HTTP/1.1" 200 2 "http://192.168.2.57:6006/" "Mozilla/5.0 (iPhone; CPU iPhone OS 13_2_3 like Mac OS X) AppleWebKit/605.1.15 (KHTML, like Gecko) Mobile/15E148 MicroMessenger/7.0.15(0x17000f2d) NetType/WIFI Language/zh_CN"
::ffff:192.168.2.88 - - [24/Sep/2020:08:20:38 +0000] "POST /file/upload HTTP/1.1" 200 99 "http://192.168.2.57:6006/" "Mozilla/5.0 (iPhone; CPU iPhone OS 13_2_3 like Mac OS X) AppleWebKit/605.1.15 (KHTML, like Gecko) Mobile/15E148 MicroMessenger/7.0.15(0x17000f2d) NetType/WIFI Language/zh_CN"
::ffff:192.168.2.88 - - [24/Sep/2020:08:20:38 +0000] "OPTIONS /daily/list?pageIndex=1&pageSize=10 HTTP/1.1" 200 2 "http://192.168.2.57:6006/" "Mozilla/5.0 (iPhone; CPU iPhone OS 13_2_3 like Mac OS X) AppleWebKit/605.1.15 (KHTML, like Gecko) Mobile/15E148 MicroMessenger/7.0.15(0x17000f2d) NetType/WIFI Language/zh_CN"
::ffff:192.168.2.88 - - [24/Sep/2020:08:20:38 +0000] "GET /daily/list?pageIndex=1&pageSize=10 HTTP/1.1" 304 - "http://192.168.2.57:6006/" "Mozilla/5.0 (iPhone; CPU iPhone OS 13_2_3 like Mac OS X) AppleWebKit/605.1.15 (KHTML, like Gecko) Mobile/15E148 MicroMessenger/7.0.15(0x17000f2d) NetType/WIFI Language/zh_CN"
::ffff:192.168.2.88 - - [24/Sep/2020:08:20:40 +0000] "OPTIONS /daily/add HTTP/1.1" 200 2 "http://192.168.2.57:6006/" "Mozilla/5.0 (iPhone; CPU iPhone OS 13_2_3 like Mac OS X) AppleWebKit/605.1.15 (KHTML, like Gecko) Mobile/15E148 MicroMessenger/7.0.15(0x17000f2d) NetType/WIFI Language/zh_CN"
::ffff:192.168.2.88 - - [24/Sep/2020:08:20:40 +0000] "POST /daily/add HTTP/1.1" 200 22 "http://192.168.2.57:6006/" "Mozilla/5.0 (iPhone; CPU iPhone OS 13_2_3 like Mac OS X) AppleWebKit/605.1.15 (KHTML, like Gecko) Mobile/15E148 MicroMessenger/7.0.15(0x17000f2d) NetType/WIFI Language/zh_CN"
::ffff:192.168.2.57 - - [24/Sep/2020:08:20:48 +0000] "OPTIONS /user/get?userId=1 HTTP/1.1" 200 2 "http://192.168.2.57:6006/" "Mozilla/5.0 (iPhone; CPU iPhone OS 11_0 like Mac OS X) AppleWebKit/604.1.38 (KHTML, like Gecko) Version/11.0 Mobile/15A372 Safari/604.1"
::ffff:192.168.2.57 - - [24/Sep/2020:08:20:48 +0000] "OPTIONS /daily/list?pageIndex=1&pageSize=10 HTTP/1.1" 200 2 "http://192.168.2.57:6006/" "Mozilla/5.0 (iPhone; CPU iPhone OS 11_0 like Mac OS X) AppleWebKit/604.1.38 (KHTML, like Gecko) Version/11.0 Mobile/15A372 Safari/604.1"
::ffff:192.168.2.57 - - [24/Sep/2020:08:20:48 +0000] "GET /user/get?userId=1 HTTP/1.1" 200 160 "http://192.168.2.57:6006/" "Mozilla/5.0 (iPhone; CPU iPhone OS 11_0 like Mac OS X) AppleWebKit/604.1.38 (KHTML, like Gecko) Version/11.0 Mobile/15A372 Safari/604.1"
::ffff:192.168.2.57 - - [24/Sep/2020:08:20:48 +0000] "GET /daily/list?pageIndex=1&pageSize=10 HTTP/1.1" 200 1951 "http://192.168.2.57:6006/" "Mozilla/5.0 (iPhone; CPU iPhone OS 11_0 like Mac OS X) AppleWebKit/604.1.38 (KHTML, like Gecko) Version/11.0 Mobile/15A372 Safari/604.1"
::ffff:192.168.2.57 - - [24/Sep/2020:08:21:20 +0000] "OPTIONS /user/get?userId=1 HTTP/1.1" 200 2 "http://192.168.2.57:6006/" "Mozilla/5.0 (iPhone; CPU iPhone OS 11_0 like Mac OS X) AppleWebKit/604.1.38 (KHTML, like Gecko) Version/11.0 Mobile/15A372 Safari/604.1"
::ffff:192.168.2.57 - - [24/Sep/2020:08:21:20 +0000] "OPTIONS /daily/list?pageIndex=1&pageSize=10 HTTP/1.1" 200 2 "http://192.168.2.57:6006/" "Mozilla/5.0 (iPhone; CPU iPhone OS 11_0 like Mac OS X) AppleWebKit/604.1.38 (KHTML, like Gecko) Version/11.0 Mobile/15A372 Safari/604.1"
::ffff:192.168.2.57 - - [24/Sep/2020:08:21:20 +0000] "GET /user/get?userId=1 HTTP/1.1" 200 160 "http://192.168.2.57:6006/" "Mozilla/5.0 (iPhone; CPU iPhone OS 11_0 like Mac OS X) AppleWebKit/604.1.38 (KHTML, like Gecko) Version/11.0 Mobile/15A372 Safari/604.1"
::ffff:192.168.2.57 - - [24/Sep/2020:08:21:20 +0000] "GET /daily/list?pageIndex=1&pageSize=10 HTTP/1.1" 200 1951 "http://192.168.2.57:6006/" "Mozilla/5.0 (iPhone; CPU iPhone OS 11_0 like Mac OS X) AppleWebKit/604.1.38 (KHTML, like Gecko) Version/11.0 Mobile/15A372 Safari/604.1"
::ffff:192.168.2.57 - - [24/Sep/2020:08:21:27 +0000] "OPTIONS /file/upload HTTP/1.1" 200 2 "http://192.168.2.57:6006/" "Mozilla/5.0 (iPhone; CPU iPhone OS 11_0 like Mac OS X) AppleWebKit/604.1.38 (KHTML, like Gecko) Version/11.0 Mobile/15A372 Safari/604.1"
::ffff:192.168.2.57 - - [24/Sep/2020:08:21:27 +0000] "POST /file/upload HTTP/1.1" 200 99 "http://192.168.2.57:6006/" "Mozilla/5.0 (iPhone; CPU iPhone OS 11_0 like Mac OS X) AppleWebKit/604.1.38 (KHTML, like Gecko) Version/11.0 Mobile/15A372 Safari/604.1"
::ffff:192.168.2.57 - - [24/Sep/2020:08:21:27 +0000] "OPTIONS /daily/list?pageIndex=1&pageSize=10 HTTP/1.1" 200 2 "http://192.168.2.57:6006/" "Mozilla/5.0 (iPhone; CPU iPhone OS 11_0 like Mac OS X) AppleWebKit/604.1.38 (KHTML, like Gecko) Version/11.0 Mobile/15A372 Safari/604.1"
::ffff:192.168.2.57 - - [24/Sep/2020:08:21:27 +0000] "GET /daily/list?pageIndex=1&pageSize=10 HTTP/1.1" 200 1951 "http://192.168.2.57:6006/" "Mozilla/5.0 (iPhone; CPU iPhone OS 11_0 like Mac OS X) AppleWebKit/604.1.38 (KHTML, like Gecko) Version/11.0 Mobile/15A372 Safari/604.1"
::ffff:192.168.2.57 - - [24/Sep/2020:08:21:28 +0000] "OPTIONS /daily/add HTTP/1.1" 200 2 "http://192.168.2.57:6006/" "Mozilla/5.0 (iPhone; CPU iPhone OS 11_0 like Mac OS X) AppleWebKit/604.1.38 (KHTML, like Gecko) Version/11.0 Mobile/15A372 Safari/604.1"
::ffff:192.168.2.57 - - [24/Sep/2020:08:21:28 +0000] "POST /daily/add HTTP/1.1" 200 22 "http://192.168.2.57:6006/" "Mozilla/5.0 (iPhone; CPU iPhone OS 11_0 like Mac OS X) AppleWebKit/604.1.38 (KHTML, like Gecko) Version/11.0 Mobile/15A372 Safari/604.1"
::ffff:192.168.2.88 - - [24/Sep/2020:08:21:53 +0000] "OPTIONS /user/get?userId=1 HTTP/1.1" 200 2 "http://192.168.2.57:6006/" "Mozilla/5.0 (iPhone; CPU iPhone OS 13_2_3 like Mac OS X) AppleWebKit/605.1.15 (KHTML, like Gecko) Mobile/15E148 MicroMessenger/7.0.15(0x17000f2d) NetType/WIFI Language/zh_CN"
::ffff:192.168.2.88 - - [24/Sep/2020:08:21:53 +0000] "OPTIONS /daily/list?pageIndex=1&pageSize=10 HTTP/1.1" 200 2 "http://192.168.2.57:6006/" "Mozilla/5.0 (iPhone; CPU iPhone OS 13_2_3 like Mac OS X) AppleWebKit/605.1.15 (KHTML, like Gecko) Mobile/15E148 MicroMessenger/7.0.15(0x17000f2d) NetType/WIFI Language/zh_CN"
::ffff:192.168.2.88 - - [24/Sep/2020:08:21:53 +0000] "GET /user/get?userId=1 HTTP/1.1" 200 160 "http://192.168.2.57:6006/" "Mozilla/5.0 (iPhone; CPU iPhone OS 13_2_3 like Mac OS X) AppleWebKit/605.1.15 (KHTML, like Gecko) Mobile/15E148 MicroMessenger/7.0.15(0x17000f2d) NetType/WIFI Language/zh_CN"
::ffff:192.168.2.88 - - [24/Sep/2020:08:21:53 +0000] "GET /daily/list?pageIndex=1&pageSize=10 HTTP/1.1" 200 2115 "http://192.168.2.57:6006/" "Mozilla/5.0 (iPhone; CPU iPhone OS 13_2_3 like Mac OS X) AppleWebKit/605.1.15 (KHTML, like Gecko) Mobile/15E148 MicroMessenger/7.0.15(0x17000f2d) NetType/WIFI Language/zh_CN"
::ffff:192.168.2.57 - - [24/Sep/2020:08:21:53 +0000] "OPTIONS /user/get?userId=1 HTTP/1.1" 200 2 "http://192.168.2.57:6006/" "Mozilla/5.0 (iPhone; CPU iPhone OS 11_0 like Mac OS X) AppleWebKit/604.1.38 (KHTML, like Gecko) Version/11.0 Mobile/15A372 Safari/604.1"
::ffff:192.168.2.57 - - [24/Sep/2020:08:21:53 +0000] "OPTIONS /daily/list?pageIndex=1&pageSize=10 HTTP/1.1" 200 2 "http://192.168.2.57:6006/" "Mozilla/5.0 (iPhone; CPU iPhone OS 11_0 like Mac OS X) AppleWebKit/604.1.38 (KHTML, like Gecko) Version/11.0 Mobile/15A372 Safari/604.1"
::ffff:192.168.2.57 - - [24/Sep/2020:08:21:53 +0000] "GET /user/get?userId=1 HTTP/1.1" 200 160 "http://192.168.2.57:6006/" "Mozilla/5.0 (iPhone; CPU iPhone OS 11_0 like Mac OS X) AppleWebKit/604.1.38 (KHTML, like Gecko) Version/11.0 Mobile/15A372 Safari/604.1"
::ffff:192.168.2.57 - - [24/Sep/2020:08:21:53 +0000] "GET /daily/list?pageIndex=1&pageSize=10 HTTP/1.1" 200 2115 "http://192.168.2.57:6006/" "Mozilla/5.0 (iPhone; CPU iPhone OS 11_0 like Mac OS X) AppleWebKit/604.1.38 (KHTML, like Gecko) Version/11.0 Mobile/15A372 Safari/604.1"
::ffff:192.168.2.88 - - [24/Sep/2020:08:21:56 +0000] "GET /user/get?userId=1 HTTP/1.1" 304 - "http://192.168.2.57:6006/" "Mozilla/5.0 (iPhone; CPU iPhone OS 13_2_3 like Mac OS X) AppleWebKit/605.1.15 (KHTML, like Gecko) Mobile/15E148 MicroMessenger/7.0.15(0x17000f2d) NetType/WIFI Language/zh_CN"
::ffff:192.168.2.88 - - [24/Sep/2020:08:21:56 +0000] "GET /daily/list?pageIndex=1&pageSize=10 HTTP/1.1" 200 2115 "http://192.168.2.57:6006/" "Mozilla/5.0 (iPhone; CPU iPhone OS 13_2_3 like Mac OS X) AppleWebKit/605.1.15 (KHTML, like Gecko) Mobile/15E148 MicroMessenger/7.0.15(0x17000f2d) NetType/WIFI Language/zh_CN"
::ffff:192.168.2.57 - - [24/Sep/2020:08:21:56 +0000] "OPTIONS /user/get?userId=1 HTTP/1.1" 200 2 "http://192.168.2.57:6006/" "Mozilla/5.0 (iPhone; CPU iPhone OS 11_0 like Mac OS X) AppleWebKit/604.1.38 (KHTML, like Gecko) Version/11.0 Mobile/15A372 Safari/604.1"
::ffff:192.168.2.57 - - [24/Sep/2020:08:21:56 +0000] "OPTIONS /daily/list?pageIndex=1&pageSize=10 HTTP/1.1" 200 2 "http://192.168.2.57:6006/" "Mozilla/5.0 (iPhone; CPU iPhone OS 11_0 like Mac OS X) AppleWebKit/604.1.38 (KHTML, like Gecko) Version/11.0 Mobile/15A372 Safari/604.1"
::ffff:192.168.2.57 - - [24/Sep/2020:08:21:56 +0000] "GET /user/get?userId=1 HTTP/1.1" 200 160 "http://192.168.2.57:6006/" "Mozilla/5.0 (iPhone; CPU iPhone OS 11_0 like Mac OS X) AppleWebKit/604.1.38 (KHTML, like Gecko) Version/11.0 Mobile/15A372 Safari/604.1"
::ffff:192.168.2.57 - - [24/Sep/2020:08:21:56 +0000] "GET /daily/list?pageIndex=1&pageSize=10 HTTP/1.1" 200 2115 "http://192.168.2.57:6006/" "Mozilla/5.0 (iPhone; CPU iPhone OS 11_0 like Mac OS X) AppleWebKit/604.1.38 (KHTML, like Gecko) Version/11.0 Mobile/15A372 Safari/604.1"
::ffff:192.168.2.57 - - [24/Sep/2020:08:22:01 +0000] "OPTIONS /file/upload HTTP/1.1" 200 2 "http://192.168.2.57:6006/" "Mozilla/5.0 (iPhone; CPU iPhone OS 11_0 like Mac OS X) AppleWebKit/604.1.38 (KHTML, like Gecko) Version/11.0 Mobile/15A372 Safari/604.1"
::ffff:192.168.2.57 - - [24/Sep/2020:08:22:01 +0000] "POST /file/upload HTTP/1.1" 200 98 "http://192.168.2.57:6006/" "Mozilla/5.0 (iPhone; CPU iPhone OS 11_0 like Mac OS X) AppleWebKit/604.1.38 (KHTML, like Gecko) Version/11.0 Mobile/15A372 Safari/604.1"
::ffff:192.168.2.57 - - [24/Sep/2020:08:22:01 +0000] "OPTIONS /daily/list?pageIndex=1&pageSize=10 HTTP/1.1" 200 2 "http://192.168.2.57:6006/" "Mozilla/5.0 (iPhone; CPU iPhone OS 11_0 like Mac OS X) AppleWebKit/604.1.38 (KHTML, like Gecko) Version/11.0 Mobile/15A372 Safari/604.1"
::ffff:192.168.2.57 - - [24/Sep/2020:08:22:01 +0000] "GET /daily/list?pageIndex=1&pageSize=10 HTTP/1.1" 200 2115 "http://192.168.2.57:6006/" "Mozilla/5.0 (iPhone; CPU iPhone OS 11_0 like Mac OS X) AppleWebKit/604.1.38 (KHTML, like Gecko) Version/11.0 Mobile/15A372 Safari/604.1"
::ffff:192.168.2.57 - - [24/Sep/2020:08:22:02 +0000] "OPTIONS /daily/add HTTP/1.1" 200 2 "http://192.168.2.57:6006/" "Mozilla/5.0 (iPhone; CPU iPhone OS 11_0 like Mac OS X) AppleWebKit/604.1.38 (KHTML, like Gecko) Version/11.0 Mobile/15A372 Safari/604.1"
::ffff:192.168.2.57 - - [24/Sep/2020:08:22:02 +0000] "POST /daily/add HTTP/1.1" 200 22 "http://192.168.2.57:6006/" "Mozilla/5.0 (iPhone; CPU iPhone OS 11_0 like Mac OS X) AppleWebKit/604.1.38 (KHTML, like Gecko) Version/11.0 Mobile/15A372 Safari/604.1"
::ffff:192.168.2.57 - - [24/Sep/2020:08:26:25 +0000] "OPTIONS /user/get?userId=1 HTTP/1.1" 200 2 "http://192.168.2.57:6006/" "Mozilla/5.0 (iPhone; CPU iPhone OS 11_0 like Mac OS X) AppleWebKit/604.1.38 (KHTML, like Gecko) Version/11.0 Mobile/15A372 Safari/604.1"
::ffff:192.168.2.57 - - [24/Sep/2020:08:26:25 +0000] "OPTIONS /daily/list?pageIndex=1&pageSize=10 HTTP/1.1" 200 2 "http://192.168.2.57:6006/" "Mozilla/5.0 (iPhone; CPU iPhone OS 11_0 like Mac OS X) AppleWebKit/604.1.38 (KHTML, like Gecko) Version/11.0 Mobile/15A372 Safari/604.1"
::ffff:192.168.2.57 - - [24/Sep/2020:08:26:25 +0000] "GET /user/get?userId=1 HTTP/1.1" 200 160 "http://192.168.2.57:6006/" "Mozilla/5.0 (iPhone; CPU iPhone OS 11_0 like Mac OS X) AppleWebKit/604.1.38 (KHTML, like Gecko) Version/11.0 Mobile/15A372 Safari/604.1"
::ffff:192.168.2.57 - - [24/Sep/2020:08:26:25 +0000] "GET /daily/list?pageIndex=1&pageSize=10 HTTP/1.1" 200 2279 "http://192.168.2.57:6006/" "Mozilla/5.0 (iPhone; CPU iPhone OS 11_0 like Mac OS X) AppleWebKit/604.1.38 (KHTML, like Gecko) Version/11.0 Mobile/15A372 Safari/604.1"
::ffff:192.168.2.57 - - [24/Sep/2020:08:26:45 +0000] "OPTIONS /user/get?userId=1 HTTP/1.1" 200 2 "http://192.168.2.57:6006/" "Mozilla/5.0 (iPhone; CPU iPhone OS 11_0 like Mac OS X) AppleWebKit/604.1.38 (KHTML, like Gecko) Version/11.0 Mobile/15A372 Safari/604.1"
::ffff:192.168.2.57 - - [24/Sep/2020:08:26:45 +0000] "OPTIONS /daily/list?pageIndex=1&pageSize=10 HTTP/1.1" 200 2 "http://192.168.2.57:6006/" "Mozilla/5.0 (iPhone; CPU iPhone OS 11_0 like Mac OS X) AppleWebKit/604.1.38 (KHTML, like Gecko) Version/11.0 Mobile/15A372 Safari/604.1"
::ffff:192.168.2.57 - - [24/Sep/2020:08:26:45 +0000] "GET /user/get?userId=1 HTTP/1.1" 200 160 "http://192.168.2.57:6006/" "Mozilla/5.0 (iPhone; CPU iPhone OS 11_0 like Mac OS X) AppleWebKit/604.1.38 (KHTML, like Gecko) Version/11.0 Mobile/15A372 Safari/604.1"
::ffff:192.168.2.57 - - [24/Sep/2020:08:26:45 +0000] "GET /daily/list?pageIndex=1&pageSize=10 HTTP/1.1" 200 2279 "http://192.168.2.57:6006/" "Mozilla/5.0 (iPhone; CPU iPhone OS 11_0 like Mac OS X) AppleWebKit/604.1.38 (KHTML, like Gecko) Version/11.0 Mobile/15A372 Safari/604.1"
::ffff:192.168.2.57 - - [24/Sep/2020:08:27:23 +0000] "OPTIONS /user/get?userId=1 HTTP/1.1" 200 2 "http://192.168.2.57:6006/" "Mozilla/5.0 (iPhone; CPU iPhone OS 11_0 like Mac OS X) AppleWebKit/604.1.38 (KHTML, like Gecko) Version/11.0 Mobile/15A372 Safari/604.1"
